go : # github.com/nogochain/nogo/blockchain/network
所在位置 行:1 字符: 25
+ ... d "d:\NogoChain\nogo"; go build -a ./blockchain/network/ 2>&1 | tee b ...
+                            ~~~~~~~~~~~~~~~~~~~~~~~~~~~~~~~~~~~~~~
    + CategoryInfo          : NotSpecified: (# github.com/no...ckchain/network:String) [], RemoteException
    + FullyQualifiedErrorId : NativeCommandError
 
blockchain\network\bootstrap_block_propagation.go:258:78: syntax error: unexpected name PriorityLevel at end of stateme
nt
blockchain\network\bootstrap_mining_coordinator.go:180:74: syntax error: unexpected { at end of statement
